// Vitest Snapshot v1

exports[`DefaultSearchBar > snap shot matches 1`] = `
{
  "baseElement": <body>
    <div>
      <section
        class="flex flex-col sm:flex-row default-container mb-10 md:mb-12"
      >
        <div
          class="basis-2/3 sm:mr-4 relative"
        >
          <div
            class="absolute w-full h-full z-20"
          >
            
            <div
              class="transform divide-y divide-gray-100 overflow-hidden rounded-xl bg-white sm:shadow-2xl ring-1 ring-black ring-opacity-5 transition-all"
              data-headlessui-state=""
            >
              <div
                class="relative"
              >
                <svg
                  aria-hidden="true"
                  class="pointer-events-none absolute top-3.5 left-3 md:left-4 h-5 w-5 md:h-7 md:w-6 text-gray-400"
                  fill="currentColor"
                  viewBox="0 0 24 24"
                  xmlns="http://www.w3.org/2000/svg"
                >
                  <path
                    clip-rule="evenodd"
                    d="M10.5 3.75a6.75 6.75 0 100 13.5 6.75 6.75 0 000-13.5zM2.25 10.5a8.25 8.25 0 1114.59 5.28l4.69 4.69a.75.75 0 11-1.06 1.06l-4.69-4.69A8.25 8.25 0 012.25 10.5z"
                    fill-rule="evenodd"
                  />
                </svg>
                <input
                  aria-expanded="false"
                  class="h-12 md:h-14 w-full border-0 bg-transparent pl-10 md:pl-12 pr-4 text-gray-800 placeholder-gray-400 focus:ring-0 text-md md:text-lg"
                  data-headlessui-state=""
                  id="headlessui-combobox-input-4"
                  placeholder="Search..."
                  role="combobox"
                  tabindex="0"
                  type="text"
                />
              </div>
              <div
                class="flex divide-x divide-gray-100"
                data-headlessui-state=""
                id="headlessui-combobox-options-5"
                role="listbox"
              >
                <!--v-if-->
                <!--v-if-->
              </div>
              <!--v-if-->
            </div>
            
          </div>
        </div>
        <div
          class="basis-1/3 relative"
        >
          <div
            class="absolute w-full h-full top-14 sm:top-0 z-11"
          >
            
            <div
              class="transform divide-y divide-gray-100 overflow-hidden rounded-xl bg-white shadow-2xl ring-1 ring-black ring-opacity-5 transition-all"
              data-headlessui-state=""
            >
              <div
                class="relative"
              >
                <svg
                  aria-hidden="true"
                  class="pointer-events-none absolute top-3.5 left-3 md:left-4 h-5 w-5 md:h-7 md:w-6 text-gray-400"
                  fill="currentColor"
                  viewBox="0 0 24 24"
                  xmlns="http://www.w3.org/2000/svg"
                >
                  <path
                    clip-rule="evenodd"
                    d="M11.54 22.351l.07.04.028.016a.76.76 0 00.723 0l.028-.015.071-.041a16.975 16.975 0 001.144-.742 19.58 19.58 0 002.683-2.282c1.944-1.99 3.963-4.98 3.963-8.827a8.25 8.25 0 00-16.5 0c0 3.846 2.02 6.837 3.963 8.827a19.58 19.58 0 002.682 2.282 16.975 16.975 0 001.145.742zM12 13.5a3 3 0 100-6 3 3 0 000 6z"
                    fill-rule="evenodd"
                  />
                </svg>
                <input
                  aria-expanded="false"
                  class="h-12 md:h-14 w-full border-0 bg-transparent pl-10 md:pl-12 pr-4 text-gray-800 placeholder-gray-400 focus:ring-0 text-md md:text-lg"
                  data-headlessui-state=""
                  id="headlessui-combobox-input-6"
                  placeholder="Suburb or postcode"
                  role="combobox"
                  tabindex="0"
                  type="text"
                />
              </div>
              <!--v-if-->
              <!--v-if-->
            </div>
            
          </div>
        </div>
      </section>
    </div>
  </body>,
  "container": <div>
    <section
      class="flex flex-col sm:flex-row default-container mb-10 md:mb-12"
    >
      <div
        class="basis-2/3 sm:mr-4 relative"
      >
        <div
          class="absolute w-full h-full z-20"
        >
          
          <div
            class="transform divide-y divide-gray-100 overflow-hidden rounded-xl bg-white sm:shadow-2xl ring-1 ring-black ring-opacity-5 transition-all"
            data-headlessui-state=""
          >
            <div
              class="relative"
            >
              <svg
                aria-hidden="true"
                class="pointer-events-none absolute top-3.5 left-3 md:left-4 h-5 w-5 md:h-7 md:w-6 text-gray-400"
                fill="currentColor"
                viewBox="0 0 24 24"
                xmlns="http://www.w3.org/2000/svg"
              >
                <path
                  clip-rule="evenodd"
                  d="M10.5 3.75a6.75 6.75 0 100 13.5 6.75 6.75 0 000-13.5zM2.25 10.5a8.25 8.25 0 1114.59 5.28l4.69 4.69a.75.75 0 11-1.06 1.06l-4.69-4.69A8.25 8.25 0 012.25 10.5z"
                  fill-rule="evenodd"
                />
              </svg>
              <input
                aria-expanded="false"
                class="h-12 md:h-14 w-full border-0 bg-transparent pl-10 md:pl-12 pr-4 text-gray-800 placeholder-gray-400 focus:ring-0 text-md md:text-lg"
                data-headlessui-state=""
                id="headlessui-combobox-input-4"
                placeholder="Search..."
                role="combobox"
                tabindex="0"
                type="text"
              />
            </div>
            <div
              class="flex divide-x divide-gray-100"
              data-headlessui-state=""
              id="headlessui-combobox-options-5"
              role="listbox"
            >
              <!--v-if-->
              <!--v-if-->
            </div>
            <!--v-if-->
          </div>
          
        </div>
      </div>
      <div
        class="basis-1/3 relative"
      >
        <div
          class="absolute w-full h-full top-14 sm:top-0 z-11"
        >
          
          <div
            class="transform divide-y divide-gray-100 overflow-hidden rounded-xl bg-white shadow-2xl ring-1 ring-black ring-opacity-5 transition-all"
            data-headlessui-state=""
          >
            <div
              class="relative"
            >
              <svg
                aria-hidden="true"
                class="pointer-events-none absolute top-3.5 left-3 md:left-4 h-5 w-5 md:h-7 md:w-6 text-gray-400"
                fill="currentColor"
                viewBox="0 0 24 24"
                xmlns="http://www.w3.org/2000/svg"
              >
                <path
                  clip-rule="evenodd"
                  d="M11.54 22.351l.07.04.028.016a.76.76 0 00.723 0l.028-.015.071-.041a16.975 16.975 0 001.144-.742 19.58 19.58 0 002.683-2.282c1.944-1.99 3.963-4.98 3.963-8.827a8.25 8.25 0 00-16.5 0c0 3.846 2.02 6.837 3.963 8.827a19.58 19.58 0 002.682 2.282 16.975 16.975 0 001.145.742zM12 13.5a3 3 0 100-6 3 3 0 000 6z"
                  fill-rule="evenodd"
                />
              </svg>
              <input
                aria-expanded="false"
                class="h-12 md:h-14 w-full border-0 bg-transparent pl-10 md:pl-12 pr-4 text-gray-800 placeholder-gray-400 focus:ring-0 text-md md:text-lg"
                data-headlessui-state=""
                id="headlessui-combobox-input-6"
                placeholder="Suburb or postcode"
                role="combobox"
                tabindex="0"
                type="text"
              />
            </div>
            <!--v-if-->
            <!--v-if-->
          </div>
          
        </div>
      </div>
    </section>
  </div>,
  "debug": [Function],
  "emitted": [Function],
  "findAllByAltText": [Function],
  "findAllByDisplayValue": [Function],
  "findAllByLabelText": [Function],
  "findAllByPlaceholderText": [Function],
  "findAllByRole": [Function],
  "findAllByTestId": [Function],
  "findAllByText": [Function],
  "findAllByTitle": [Function],
  "findByAltText": [Function],
  "findByDisplayValue": [Function],
  "findByLabelText": [Function],
  "findByPlaceholderText": [Function],
  "findByRole": [Function],
  "findByTestId": [Function],
  "findByText": [Function],
  "findByTitle": [Function],
  "getAllByAltText": [Function],
  "getAllByDisplayValue": [Function],
  "getAllByLabelText": [Function],
  "getAllByPlaceholderText": [Function],
  "getAllByRole": [Function],
  "getAllByTestId": [Function],
  "getAllByText": [Function],
  "getAllByTitle": [Function],
  "getByAltText": [Function],
  "getByDisplayValue": [Function],
  "getByLabelText": [Function],
  "getByPlaceholderText": [Function],
  "getByRole": [Function],
  "getByTestId": [Function],
  "getByText": [Function],
  "getByTitle": [Function],
  "html": [Function],
  "queryAllByAltText": [Function],
  "queryAllByDisplayValue": [Function],
  "queryAllByLabelText": [Function],
  "queryAllByPlaceholderText": [Function],
  "queryAllByRole": [Function],
  "queryAllByTestId": [Function],
  "queryAllByText": [Function],
  "queryAllByTitle": [Function],
  "queryByAltText": [Function],
  "queryByDisplayValue": [Function],
  "queryByLabelText": [Function],
  "queryByPlaceholderText": [Function],
  "queryByRole": [Function],
  "queryByTestId": [Function],
  "queryByText": [Function],
  "queryByTitle": [Function],
  "rerender": [Function],
  "unmount": [Function],
}
`;
